// Jest Snapshot v1, https://goo.gl/fbAQLP

exports[`<NameInput /> renders the component correctly 1`] = `
<View
  style={
    Object {
      "padding": 12,
    }
  }
>
  <TextInput
    allowFontScaling={true}
    style={
      Object {
        "borderColor": "gray",
        "borderWidth": 1,
        "height": 40,
      }
    }
    underlineColorAndroid="transparent"
  />
</View>
`;
