// Jest Snapshot v1, https://goo.gl/fbAQLP

exports[`<PriceInput /> renders the component correctly 1`] = `
<TextInput
  allowFontScaling={true}
  placeholder="Estimated cost"
  style={
    Object {
      "borderColor": "gray",
      "borderWidth": 1,
      "height": 40,
    }
  }
  underlineColorAndroid="transparent"
/>
`;
